// Jest Snapshot v1, https://goo.gl/fbAQLP

exports[`Category should render chip with Phone category 1`] = `
Object {
  "options": Object {
    "decodeEntities": true,
    "normalizeWhitespace": false,
    "withDomLvl1": true,
    "xml": false,
  },
}
`;

exports[`Category should render chip with TV category 1`] = `
Object {
  "options": Object {
    "decodeEntities": true,
    "normalizeWhitespace": false,
    "withDomLvl1": true,
    "xml": false,
  },
}
`;
